<testsuites id="" name="" tests="1" failures="1" skipped="0" errors="0" time="57.499599">
<testsuite name="e2e/forum-home.spec.ts" timestamp="2025-06-26T22:13:07.461Z" hostname="chromium" tests="1" failures="1" skipped="0" time="39.28" errors="0">
<testcase name="Forum Home Smoke › homepage loads and shows primary zones grid" classname="e2e/forum-home.spec.ts" time="39.28">
<failure message="forum-home.spec.ts:4:2 homepage loads and shows primary zones grid" type="FAILURE">
<![CDATA[  [chromium] › e2e/forum-home.spec.ts:4:2 › Forum Home Smoke › homepage loads and shows primary zones grid 

    Test timeout of 30000ms exceeded.

    Error: expect(locator).toBeVisible()

    Locator: locator('[data-testid="zone-card"]').first()
    Expected: visible
    Received: <element(s) not found>
    Call log:
      - Expect "toBeVisible" with timeout 10000ms
      - waiting for locator('[data-testid="zone-card"]').first()


      10 | 		// Check at least one primary zone card exists
      11 | 		const cards = page.locator('[data-testid="zone-card"]');
    > 12 | 		await expect(cards.first()).toBeVisible();
         | 		                            ^
      13 |
      14 | 		// Optionally assert a known zone title appears
      15 | 		await expect(page.locator('text=The Pit')).toBeVisible();
        at /Users/gnarcotic/Degentalk/tests/e2e/forum-home.spec.ts:12:31

    attachment #1: video (video/webm) ──────────────────────────────────────────────────────────────
    test-results/artifacts/e2e-forum-home-Forum-Home--02c02-nd-shows-primary-zones-grid-chromium/video.webm
    ────────────────────────────────────────────────────────────────────────────────────────────────

    Error Context: ../test-results/artifacts/e2e-forum-home-Forum-Home--02c02-nd-shows-primary-zones-grid-chromium/error-context.md
]]>
</failure>
<system-out>
<![CDATA[
[[ATTACHMENT|artifacts/e2e-forum-home-Forum-Home--02c02-nd-shows-primary-zones-grid-chromium/video.webm]]

[[ATTACHMENT|artifacts/e2e-forum-home-Forum-Home--02c02-nd-shows-primary-zones-grid-chromium/error-context.md]]
]]>
</system-out>
</testcase>
</testsuite>
</testsuites>